JobId=1349 JobName=rpca_kernels
   UserId=ikuta(1033) GroupId=ikuta(1033) MCS_label=N/A
   Priority=1 Nice=0 Account=(null) QOS=normal
   JobState=RUNNING Reason=None Dependency=(null)
   Requeue=1 Restarts=0 BatchFlag=1 Reboot=0 ExitCode=0:0
   RunTime=00:00:01 TimeLimit=4-00:00:00 TimeMin=N/A
   SubmitTime=2026-05-14T23:07:32 EligibleTime=2026-05-14T23:07:32
   AccrueTime=2026-05-14T23:07:32
   StartTime=2026-05-14T23:07:32 EndTime=2026-05-18T23:07:32 Deadline=N/A
   SuspendTime=None SecsPreSuspend=0 LastSchedEval=2026-05-14T23:07:32 Scheduler=Main
   Partition=defq AllocNode:Sid=argo00:1922584
   ReqNodeList=(null) ExcNodeList=(null)
   NodeList=argo01
   BatchHost=argo01
   NumNodes=1 NumCPUs=10 NumTasks=1 CPUs/Task=10 ReqB:S:C:T=0:0:*:*
   ReqTRES=cpu=10,mem=50G,node=1,billing=10
   AllocTRES=cpu=10,mem=50G,node=1,billing=10
   Socks/Node=* NtasksPerN:B:S:C=0:0:*:* CoreSpec=*
   MinCPUsNode=10 MinMemoryNode=50G MinTmpDiskNode=0
   Features=(null) DelayBoot=00:00:00
   OverSubscribe=OK Contiguous=0 Licenses=(null) Network=(null)
   Command=/home/ikuta/region_PJ/scripts/run_rpca_kernels.slurm
   WorkDir=/home/ikuta/region_PJ
   StdErr=/home/ikuta/region_PJ/rpca_kernels_1349.out
   StdIn=/dev/null
   StdOut=/home/ikuta/region_PJ/rpca_kernels_1349.out
   Power=
   TresPerTask=cpu:10
   

[cache miss] rpca_svd_1d_kernels/b857fc4a463bdf23.pkl ... computing
[1/11] factoring 1D Gaussian kernel
[2/11] factoring 1D Gaussian kernel
[3/11] factoring 1D Gaussian kernel
[4/11] factoring 1D Gaussian kernel
[5/11] factoring 1D Gaussian kernel
[6/11] factoring 1D Gaussian kernel
[7/11] factoring 1D Gaussian kernel
[8/11] factoring 1D Gaussian kernel
[9/11] factoring 1D Gaussian kernel
[10/11] factoring 1D Gaussian kernel
[11/11] factoring 1D Gaussian kernel
[cache save] rpca_svd_1d_kernels/b857fc4a463bdf23.pkl
Saved 88 files -> /home/ikuta/region_PJ/data/npy/rpca_kernels/L20_rmin1e-02_rmax69.282_n2000_nonneg1_iter200000_R01-30_count30/N201_L20_R11_rank50_iter2000_tol1e-06
Saved params -> /home/ikuta/region_PJ/data/npy/rpca_kernels/L20_rmin1e-02_rmax69.282_n2000_nonneg1_iter200000_R01-30_count30/N201_L20_R11_rank50_iter2000_tol1e-06/params.json
